// Jest Snapshot v1, https://goo.gl/fbAQLP

exports[`DependenciesActions component matches the snapshot 1`] = `
<div
  class="btn-toolbar"
>
  <div
    class="btn-group flex-grow-1 mr-2"
  >
    <gldropdown-stub
      class="flex-grow-1 text-center"
      right=""
      text="Component name"
    >
      <gldropdownitem-stub>
        <span
          class="d-flex"
        >
          <icon-stub
            class="flex-shrink-0 append-right-4"
            cssclasses=""
            name="mobile-issue-close"
            size="16"
          />
          
          Component name
        
        </span>
      </gldropdownitem-stub>
      <gldropdownitem-stub>
        <span
          class="d-flex"
        >
          <icon-stub
            class="flex-shrink-0 append-right-4 invisible"
            cssclasses=""
            name="mobile-issue-close"
            size="16"
          />
          
          Packager
        
        </span>
      </gldropdownitem-stub>
    </gldropdown-stub>
     
    <glbutton-stub
      class="flex-grow-0 js-sort-order"
      data-original-title="Sort direction"
      title=""
    >
      <icon-stub
        cssclasses=""
        name="sort-lowest"
        size="16"
      />
    </glbutton-stub>
  </div>
   
  <glbutton-stub
    class="js-download"
    data-original-title="Export as JSON"
    download="dependencies.json"
    href="http://test.host/dependencies.json"
    title=""
  >
    <icon-stub
      cssclasses=""
      name="download"
      size="16"
    />
  </glbutton-stub>
</div>
`;

exports[`DependenciesActions component with feature flag enabled matches the snapshot 1`] = `
<div
  class="btn-toolbar"
>
  <div
    class="btn-group flex-grow-1 mr-2"
  >
    <gldropdown-stub
      class="flex-grow-1 text-center"
      right=""
      text="Component name"
    >
      <gldropdownitem-stub>
        <span
          class="d-flex"
        >
          <icon-stub
            class="flex-shrink-0 append-right-4"
            cssclasses=""
            name="mobile-issue-close"
            size="16"
          />
          
          Component name
        
        </span>
      </gldropdownitem-stub>
      <gldropdownitem-stub>
        <span
          class="d-flex"
        >
          <icon-stub
            class="flex-shrink-0 append-right-4 invisible"
            cssclasses=""
            name="mobile-issue-close"
            size="16"
          />
          
          Packager
        
        </span>
      </gldropdownitem-stub>
      <gldropdownitem-stub>
        <span
          class="d-flex"
        >
          <icon-stub
            class="flex-shrink-0 append-right-4 invisible"
            cssclasses=""
            name="mobile-issue-close"
            size="16"
          />
          
          Severity
        
        </span>
      </gldropdownitem-stub>
    </gldropdown-stub>
     
    <glbutton-stub
      class="flex-grow-0 js-sort-order"
      data-original-title="Sort direction"
      title=""
    >
      <icon-stub
        cssclasses=""
        name="sort-lowest"
        size="16"
      />
    </glbutton-stub>
  </div>
   
  <glbutton-stub
    class="js-download"
    data-original-title="Export as JSON"
    download="dependencies.json"
    href="http://test.host/dependencies.json"
    title=""
  >
    <icon-stub
      cssclasses=""
      name="download"
      size="16"
    />
  </glbutton-stub>
</div>
`;
