// Jest Snapshot v1, https://goo.gl/fbAQLP

exports[`Design management list component renders list 1`] = `
<ol
  class="list-unstyled row"
>
  <li
    class="col-md-6 col-lg-4 mb-3"
  >
    <design-stub
      event="NONE"
      id="1"
      image="test"
      name="test"
      notescount="2"
      updatedat="01-01-2019"
    />
  </li>
  <li
    class="col-md-6 col-lg-4 mb-3"
  >
    <design-stub
      event="NONE"
      id="2"
      image="test"
      name="test"
      notescount="2"
      updatedat="01-01-2019"
    />
  </li>
</ol>
`;
