// Jest Snapshot v1, https://goo.gl/fbAQLP

exports[`Design management toolbar component renders design and updated data 1`] = `
<header
  class="d-flex w-100 p-2 bg-white align-items-center js-design-header"
>
  <a
    aria-label="Go back to designs"
    class="mr-3 text-plain"
  >
    <icon-stub
      cssclasses=""
      name="close"
      size="18"
    />
  </a>
   
  <div>
    <h2
      class="m-0"
    >
      test.jpg
    </h2>
     
    <small
      class="text-secondary"
    >
      Updated 1 hour ago by Test Name
    </small>
  </div>
   
  <pagination-stub
    class="ml-auto"
    id="1"
  />
</header>
`;
