// Jest Snapshot v1, https://goo.gl/fbAQLP

exports[`SkeletonCell renders a skeleton cell with a title and value loading bar 1`] = `
<cell-stub
  isflexible="true"
>
  <glskeletonloading-stub
    class="w-75 skeleton-bar"
    lines="1"
  />
   
  <glskeletonloading-stub
    class="w-50 skeleton-bar"
    lines="1"
  />
</cell-stub>
`;
