// Jest Snapshot v1, https://goo.gl/fbAQLP

exports[`LicenseCard renders license card with a delete button and license body 1`] = `
<div
  class="card license-card mb-5"
>
  <div
    class="card-header"
  >
    <div
      class="d-flex justify-content-between align-items-center"
    >
      <h4>
        
        GitLab Enterprise Edition Super duper
      
      </h4>
       
      <gldropdown-stub
        class="js-manage-license"
        right=""
        text="Manage"
      >
        <!---->
         
        <gldropdownitem-stub
          class="js-delete-license text-danger"
        >
          
          Delete license
        
        </gldropdownitem-stub>
      </gldropdown-stub>
    </div>
  </div>
   
  <licensecardbody-stub
    activeusercount="10"
    guestusercount="8"
    license="[object Object]"
  />
</div>
`;
