// Jest Snapshot v1, https://goo.gl/fbAQLP

exports[`Design management large image component renders image 1`] = `
<div
  class="d-flex align-items-center h-100 w-100 p-3 overflow-hidden js-design-image"
>
  <img
    alt="test"
    class="ml-auto mr-auto img-fluid mh-100 design-image"
    src="test.jpg"
  />
</div>
`;

exports[`Design management large image component renders loading state 1`] = `
<div
  class="d-flex align-items-center h-100 w-100 p-3 overflow-hidden js-design-image"
  isloading="true"
>
  <img
    alt=""
    class="ml-auto mr-auto img-fluid mh-100 design-image"
    src=""
  />
</div>
`;
